// Jest Snapshot v1, https://goo.gl/fbAQLP

exports[`PasswordStrengthIndicatorBar renders correctly when activated 1`] = `
<div
  className="sc-bdVaJa dwnnPn"
  color="#330000"
/>
`;

exports[`PasswordStrengthIndicatorBar renders correctly when deactivated 1`] = `
<div
  className="sc-bdVaJa dTPqtA"
  color="transparent"
/>
`;
