// Jest Snapshot v1, https://goo.gl/fbAQLP

exports[`TextEditor renders correctly in text mode 1`] = `
<div>
  <textarea
    className="sc-bdVaJa kxbDjW"
    data-test-id="text-area"
    onChange={[Function]}
    value="**Hello World**"
  />
  <div
    className="sc-bxivhb ElINa"
  >
    <button
      className="sc-htpNat kkVLjQ"
      data-test-id="edit-button"
      onClick={[Function]}
    >
      Write
    </button>
    <button
      className="sc-htpNat eKeXim"
      data-test-id="preview-button"
      onClick={[Function]}
    >
      Preview
    </button>
  </div>
</div>
`;
